// Jest Snapshot v1, https://goo.gl/fbAQLP

exports[`DesktopNotificationSettings should match snapshot, on max setting 1`] = `
<SettingItemMax
  containerStyle=""
  infoPosition="bottom"
  inputs={
    Array [
      <React.Fragment>
        <fieldset>
          <legend
            className="form-legend"
          >
            <Memo(MemoizedFormattedMessage)
              defaultMessage="Send notifications for:"
              id="user.settings.notifications.desktopAndMobile.sendNotificationFor"
            />
          </legend>
          <div
            className="radio"
          >
            <label>
              <input
                checked={false}
                onChange={[Function]}
                type="radio"
                value="all"
              />
              <Memo(MemoizedFormattedMessage)
                defaultMessage="All new messages"
                id="user.settings.notifications.desktopAndMobile.allNewMessages"
              />
            </label>
          </div>
          <div
            className="radio"
          >
            <label>
              <input
                checked={true}
                onChange={[Function]}
                type="radio"
                value="mention"
              />
              <Memo(MemoizedFormattedMessage)
                defaultMessage="Mentions, direct messages, and group messages"
                id="user.settings.notifications.desktopAndMobile.onlyMentions"
              />
            </label>
          </div>
          <div
            className="radio"
          >
            <label>
              <input
                checked={false}
                onChange={[Function]}
                type="radio"
                value="none"
              />
              <Memo(MemoizedFormattedMessage)
                defaultMessage="Nothing"
                id="user.settings.notifications.desktopAndMobile.nothing"
              />
            </label>
          </div>
        </fieldset>
      </React.Fragment>,
      <React.Fragment>
        <br />
        <div
          className="checkbox single-checkbox"
        >
          <label>
            <input
              checked={false}
              onChange={[Function]}
              type="checkbox"
            />
            <Memo(MemoizedFormattedMessage)
              defaultMessage="Use different settings for mobile notifications"
              id="user.settings.notifications.desktopAndMobile.differentMobileNotificationsTitle"
            />
          </label>
        </div>
      </React.Fragment>,
      <React.Fragment>
        <hr />
        <label
          className="singleSelectLabel"
          htmlFor="pushMobileNotificationSelectInput"
          id="pushMobileNotificationsLabel"
        >
          <Memo(MemoizedFormattedMessage)
            defaultMessage="Send mobile notifications when I am:"
            id="user.settings.notifications.desktopAndMobile.pushNotification"
          />
        </label>
        <StateManager
          aria-labelledby="pushMobileNotificationsLabel"
          className="react-select singleSelect"
          classNamePrefix="react-select"
          clearable={false}
          components={
            Object {
              "IndicatorSeparator": [Function],
            }
          }
          defaultInputValue=""
          defaultMenuIsOpen={false}
          defaultValue={null}
          inputId="pushMobileNotificationSelectInput"
          isClearable={false}
          isSearchable={false}
          onChange={[Function]}
          options={
            Array [
              Object {
                "label": <Memo(MemoizedFormattedMessage)
                  defaultMessage="Online, away or offline"
                  id="user.settings.notifications.desktopAndMobile.online"
                />,
                "value": "online",
              },
              Object {
                "label": <Memo(MemoizedFormattedMessage)
                  defaultMessage="Away or offline"
                  id="user.settings.notifications.desktopAndMobile.away"
                />,
                "value": "away",
              },
              Object {
                "label": <Memo(MemoizedFormattedMessage)
                  defaultMessage="Offline"
                  id="user.settings.notifications.desktopAndMobile.offline"
                />,
                "value": "offline",
              },
            ]
          }
          value={
            Object {
              "label": <Memo(MemoizedFormattedMessage)
                defaultMessage="Offline"
                id="user.settings.notifications.desktopAndMobile.offline"
              />,
              "value": "offline",
            }
          }
        />
      </React.Fragment>,
    ]
  }
  saving={false}
  section=""
  serverError=""
  submit={[MockFunction]}
  title={
    <Memo(MemoizedFormattedMessage)
      defaultMessage="Desktop and mobile notifications"
      id="user.settings.notifications.desktopAndMobile.title"
    />
  }
  updateSection={[Function]}
/>
`;

exports[`DesktopNotificationSettings should match snapshot, on min setting 1`] = `
<SettingItemMin
  describe={
    <Memo(MemoizedFormattedMessage)
      defaultMessage="Mentions, direct messages, and group messages"
      id="user.settings.notifications.desktopAndMobile.mentionsForDesktopAndMobile"
    />
  }
  section="desktopAndMobile"
  title={
    <Memo(MemoizedFormattedMessage)
      defaultMessage="Desktop and mobile notifications"
      id="user.settings.notifications.desktopAndMobile.title"
    />
  }
  updateSection={[Function]}
/>
`;
